[backblue.gif]
[fade.gif]
[index.html]
[b2c.kiwi/bege/images/icons/favicon-bege.png]
[b2c.kiwi/js/spin/spinner-1s-200px2.gif]
[b2c.kiwi/bege/images/logo/logo-white.png]
[b2c.kiwi/api/v1/attachment/2019_01_10_14_23_34_adv 2532e.jpg]
[b2c.kiwi/api/v1/attachment/2019_01_09_12_32_10_adv-27abc.jpg]
[b2c.kiwi/api/v1/attachment/2019_01_10_14_26_35_adv 1b7c6.jpg]
[b2c.kiwi/api/v1/attachment/2019_01_14_11_49_35_17a34.jpg]
[b2c.kiwi/api/v1/attachment/2019_01_09_16_43_34_¦¦¥¦4¦¯¦þ©-af96.jpg]
[b2c.kiwi/api/v1/attachment/2019_01_04_12_09_58___2__19a1.jpg]
[b2c.kiwi/api/v1/attachment/2019_01_04_11_21_09___2___ copy 10.33.56 AMd7f4.jpg]
[b2c.kiwi/api/v1/attachment/2019_01_10_12_41_53_WeChat Image_201901101241370efe.png]
[b2c.kiwi/api/v1/attachment/2019_01_10_12_33_38_WeChat Image_20190110123315c713.png]
[b2c.kiwi/api/v1/attachment/2019_01_09_17_10_36_¦¦¥¦7¦¯¦þ©-34d4.jpg]
[b2c.kiwi/api/v1/attachment/2019_01_10_12_36_52_WeChat Image_201901101236036db4.png]
[b2c.kiwi/api/v1/attachment/2019_04_04_16_50_11_DSC_5731e15c.JPG]
[b2c.kiwi/api/v1/attachment/2019_01_14_13_15_53_adv 14a82.jpg]
[b2c.kiwi/api/v1/attachment/2019_01_14_13_00_52_adv 36597.png]
[b2c.kiwi/api/v1/attachment/2019_01_14_11_55_51_18b66.jpg]
[b2c.kiwi/api/v1/attachment/2019_01_10_14_17_12_WeChat Image_201901101416497717.png]
[b2c.kiwi/api/v1/attachment/2019_01_10_14_03_01_prod-sizef3b7.jpg]
[b2c.kiwi/api/v1/attachment/2019_01_10_13_58_01_prod-main-tempb098.jpg]
[b2c.kiwi/api/v1/attachment/2019_01_10_13_43_59_prod-compose9e9d.jpg]
[b2c.kiwi/api/v1/attachment/2019_01_10_13_39_18_WeChat Image_20190110133900782f.png]
[b2c.kiwi/api/v1/attachment/2019_01_09_17_00_46_¦¦¥¦1¦¯¦þ90f0.jpg]
[b2c.kiwi/api/v1/attachment/2019_01_09_16_46_11_¦¦¥¦5¦¯¦þ©-918a.jpg]
[b2c.kiwi/bege/images/logo/logo-black.png]
[b2c.kiwi/bege/images/icons/payment-icon.png]
[code.jquery.com/jquery-3.2.1.min.js]
[b2c.kiwi/bege/js/jquery-3.2.1.min.js]
[b2c.kiwi/bege/js/popper.min.js]
[b2c.kiwi/bege/js/bootstrap.min.js]
[b2c.kiwi/bege/js/jquery.nivo.slider.pack.js]
[b2c.kiwi/bege/js/plugins.js]
[b2c.kiwi/bege/js/main.js]
[www.google-analytics.com/analytics.js]
[b2c.kiwi/js/app-libs/angular/angular.min.js]
[b2c.kiwi/js/app-libs/angular-busy-tracker/busy.min.js]
[b2c.kiwi/js/app-libs/spin.js/spin.min.js]
[b2c.kiwi/js/app-libs/angular-spinner/angular-spinner.min.js]
[b2c.kiwi/js/app-libs/ng-dialog/js/ngDialog.min.js]
[b2c.kiwi/js/app-libs/bootbox-js/bootbox.min.js]
[b2c.kiwi/js/app-libs/angular-messages/angular-messages.min.js]
[b2c.kiwi/js/app-libs/angular-resource/angular-resource.min.js]
[b2c.kiwi/js/app-libs/highcharts-ng/highstock.src.js]
[b2c.kiwi/js/app-libs/highcharts-ng/highcharts-ng.min.js]
[b2c.kiwi/js/app-libs/angular-wizard/dist/angular-wizard.min.js]
[b2c.kiwi/js/app-libs/dropzone/min/dropzone.min.js]
[b2c.kiwi/js/app-libs/ng-dropzone/dist/ng-dropzone.min.js]
[b2c.kiwi/js/app-libs/moment/moment.min.js]
[b2c.kiwi/js/app-libs/moment-timezone/moment-timezone-with-data.min.js]
[b2c.kiwi/js/app-libs/angular-datepicker/angular-datepicker.min.js]
[b2c.kiwi/js/app-libs/ng-toast/ngToast.min.js]
[b2c.kiwi/js/app-libs/angular-animate.min.js]
[b2c.kiwi/js/app-libs/angular-sanitize.min.js]
[b2c.kiwi/js/app-libs/angular-utils-pagination/dirPagination.js]
[b2c.kiwi/js/app-libs/lodash.min.js]
[b2c.kiwi/js/app/app.js]
[b2c.kiwi/js/app/app-constant.js]
[b2c.kiwi/js/app/controllers/home.controller.js]
[b2c.kiwi/js/app/cargoexpress-controllers/cargo-home.controller.js]
[b2c.kiwi/js/app/controllers/products.controller.js]
[b2c.kiwi/js/app/controllers/faq.controller.js]
[b2c.kiwi/js/app/controllers/login.controller.js]
[b2c.kiwi/js/app/controllers/cart.controller.js]
[b2c.kiwi/js/app/controllers/order.controller.js]
[b2c.kiwi/js/app/controllers/order-detail.controller.js]
[b2c.kiwi/js/app/controllers/checkout.controller.js]
[b2c.kiwi/js/app/controllers/category.controller.js]
[b2c.kiwi/js/app/controllers/header.controller.js]
[b2c.kiwi/js/app/cargoexpress-controllers/cargo-header.controller.js]
[b2c.kiwi/js/app/controllers/register.controller.js]
[b2c.kiwi/js/app/controllers/footer.controller.js]
[b2c.kiwi/js/app/controllers/detail.controller.js]
[b2c.kiwi/js/app/controllers/address.controller.js]
[b2c.kiwi/js/app/controllers/dashboard.controller.js]
[b2c.kiwi/js/app/controllers/coin.controller.js]
[b2c.kiwi/js/app/controllers/add-address.controller.js]
[b2c.kiwi/js/app/controllers/account.controller.js]
[b2c.kiwi/js/app/controllers/coin-activity.controller.js]
[b2c.kiwi/js/app/controllers/find-password.controller.js]
[b2c.kiwi/js/app/controllers/contact.controller.js]
[b2c.kiwi/js/app/bege-controllers/bege-checkout.controller.js]
[b2c.kiwi/js/app/controllers/edit-address.controller.js]
[b2c.kiwi/js/app/controllers/website-news.controller.js]
[b2c.kiwi/js/app/services/account.service.js]
[b2c.kiwi/js/app/services/auth.service.js]
[b2c.kiwi/js/app/services/home.service.js]
[b2c.kiwi/js/app/services/order.service.js]
[b2c.kiwi/js/app/services/resources.service.js]
[b2c.kiwi/js/app/services/address.service.js]
[b2c.kiwi/js/app/services/app-user.service.js]
[b2c.kiwi/js/app/services/availability.service.js]
[b2c.kiwi/js/app/services/balance.service.js]
[b2c.kiwi/js/app/services/balance-detail.service.js]
[b2c.kiwi/js/app/services/cart.service.js]
[b2c.kiwi/js/app/services/cart-item.service.js]
[b2c.kiwi/js/app/services/category.service.js]
[b2c.kiwi/js/app/services/coin-activity.service.js]
[b2c.kiwi/js/app/services/coin-history.service.js]
[b2c.kiwi/js/app/services/content.service.js]
[b2c.kiwi/js/app/services/country.service.js]
[b2c.kiwi/js/app/services/coupon.service.js]
[b2c.kiwi/js/app/services/currency.service.js]
[b2c.kiwi/js/app/services/experience.service.js]
[b2c.kiwi/js/app/services/faq.service.js]
[b2c.kiwi/js/app/services/favorite.service.js]
[b2c.kiwi/js/app/services/feature-type.service.js]
[b2c.kiwi/js/app/services/feedback.service.js]
[b2c.kiwi/js/app/services/feedback-type.service.js]
[b2c.kiwi/js/app/services/footer.service.js]
[b2c.kiwi/js/app/services/gateway.service.js]
[b2c.kiwi/js/app/services/guest-requirement.service.js]
[b2c.kiwi/js/app/services/home-page-slider.service.js]
[b2c.kiwi/js/app/services/inventory-detail.service.js]
[b2c.kiwi/js/app/services/invitation.service.js]
[b2c.kiwi/js/app/services/language.service.js]
[b2c.kiwi/js/app/services/member-group.service.js]
[b2c.kiwi/js/app/services/product-multi.service.js]
[b2c.kiwi/js/app/services/product-single.service.js]
[b2c.kiwi/js/app/services/registration-answer.service.js]
[b2c.kiwi/js/app/services/registration-question.service.js]
[b2c.kiwi/js/app/services/registration-question-option.service.js]
[b2c.kiwi/js/app/services/shipment.service.js]
[b2c.kiwi/js/app/services/shipment-detail.service.js]
[b2c.kiwi/js/app/services/shipment-fee.service.js]
[b2c.kiwi/js/app/services/social-link.service.js]
[b2c.kiwi/js/app/services/tag.service.js]
[b2c.kiwi/js/app/services/term-condition.service.js]
[b2c.kiwi/js/app/services/transaction-single.service.js]
[b2c.kiwi/js/app/services/transaction-single-item.service.js]
[b2c.kiwi/js/app/services/website-column.service.js]
[b2c.kiwi/js/app/services/my.service.js]
[b2c.kiwi/js/app/services/profile.service.js]
[b2c.kiwi/js/app/services/website-news.service.js]
[b2c.kiwi/js/app/services/attribute.service.js]
[b2c.kiwi/js/app/directives/file-dropzone.directive.js]
[b2c.kiwi/js/app/directives/compare-password.directive.js]
[b2c.kiwi/js/app/directives/compare-to.directive.js]
[b2c.kiwi/js/app/directives/complex-password.directive.js]
[b2c.kiwi/js/app/directives/valid-email.directive.js]
[b2c.kiwi/index.html]
[b2c.kiwi/bege/css/bootstrap.min.css]
[b2c.kiwi/bege/fonts/fontawesome-webfont3e6e.eot]
[b2c.kiwi/bege/fonts/fontawesome-webfontd41d.eot]
[b2c.kiwi/bege/fonts/fontawesome-webfont3e6e.woff2]
[b2c.kiwi/bege/fonts/fontawesome-webfont3e6e.woff]
[b2c.kiwi/bege/fonts/fontawesome-webfont3e6e.ttf]
[b2c.kiwi/bege/css/font-awesome.min.css]
[b2c.kiwi/bege/fonts/ionicons28b5.eot]
[b2c.kiwi/bege/fonts/ionicons28b5.ttf]
[b2c.kiwi/bege/fonts/ionicons28b5.woff]
[b2c.kiwi/bege/css/ionicons.min.css]
[b2c.kiwi/bege/css/css-plugins-call.css]
[b2c.kiwi/bege/css/bundle.css]
[b2c.kiwi/bege/images/bg/service-bg4.jpg]
[b2c.kiwi/bege/images/bg/service-bg3.jpg]
[b2c.kiwi/bege/images/bg/bg-1.jpg]
[b2c.kiwi/bege/images/bg/bg-2.jpg]
[b2c.kiwi/bege/css/main.css]
[b2c.kiwi/bege/css/responsive.css]
[b2c.kiwi/bege/css/colors.css]
[b2c.kiwi/bege/css/custom.css]
[b2c.kiwi/css/ckeditor.css]
[b2c.kiwi/js/app-libs/please-wait/please-wait.css]
[b2c.kiwi/js/app-libs/SpinKit/css/spinkit.css]
[b2c.kiwi/js/app-libs/angular-busy-tracker/busy.min.css]
[b2c.kiwi/js/app-libs/ng-dialog/css/ngDialog.min.css]
[b2c.kiwi/js/app-libs/ng-dialog/css/ngDialog-theme-default.min.css]
[b2c.kiwi/js/app-libs/highcharts-ng/highcharts-ng.css]
[b2c.kiwi/js/app-libs/angular-wizard/dist/angular-wizard.min.css]
[b2c.kiwi/js/app-libs/dropzone/min/dropzone.min.css]
[b2c.kiwi/js/app-libs/ng-dropzone/dist/ng-dropzone.css]
[b2c.kiwi/js/app-libs/angular-datepicker/angular-datepicker.css]
[b2c.kiwi/js/app-libs/ng-toast/ngToast.min.css]
[b2c.kiwi/js/app-libs/ng-toast/ngToast-animations.min.css]
[b2c.kiwi/bege/images/banner/shop-sidebar.png]
[b2c.kiwi/products.html]
[b2c.kiwi/signin.html]
[b2c.kiwi/account.html]
[b2c.kiwi/cart.html]
[b2c.kiwi/checkout.html]
[b2c.kiwi/productse680.html]
[b2c.kiwi/products4a0a.html]
[b2c.kiwi/products7f15.html]
[b2c.kiwi/contact.html]
[b2c.kiwi/orders.html]
[b2c.kiwi/about-us.html]
[b2c.kiwi/faq.html]
[b2c.kiwi/api.html]
[b2c.kiwi/api/v1/attachment/2019_01_14_11_50_11_1c0fa.jpg]
[b2c.kiwi/api/v1/attachment/2019_01_16_16_08_39_244fd.jpg]
[b2c.kiwi/api/v1/attachment/2019_01_16_16_08_40_3af05.jpg]
[b2c.kiwi/api/v1/attachment/2019_01_16_16_08_40_16856.jpg]
[b2c.kiwi/api/v1/attachment/2019_01_16_16_08_40_471ff.jpg]
[b2c.kiwi/api/v1/attachment/2019_01_16_16_08_41_5e8de.jpg]
[b2c.kiwi/api/v1/attachment/2019_01_16_16_08_41_68468.jpeg]
[b2c.kiwi/api/v1/attachment/2019_01_16_16_08_42_7fbee.jpg]
[b2c.kiwi/api/v1/attachment/2019_01_16_16_08_42_6127c.jpg]
[b2c.kiwi/api/v1/attachment/2019_01_16_16_08_43_8fe0b.png]
[b2c.kiwi/api/v1/attachment/2019_01_16_16_08_44_9b4f2.jpg]
[b2c.kiwi/detail/731.html]
[b2c.kiwi/api/v1/attachment/2019_01_09_16_43_42_¦¦¥¦16©ÃÎËeaa7.jpg]
[b2c.kiwi/api/v1/attachment/2019_01_09_16_43_46_cc02 front and backf36f.jpg]
[b2c.kiwi/api/v1/attachment/2019_01_09_16_43_50_cc02 prod-details-tempfa5e.jpg]
[b2c.kiwi/detail/716.html]
[b2c.kiwi/api/v1/attachment/2019_01_04_12_10_05_cc01 front and back4c9e.jpg]
[b2c.kiwi/api/v1/attachment/2019_01_04_12_10_05_cc01 prod-details-tempa692.jpg]
[b2c.kiwi/api/v1/attachment/2019_01_04_12_10_06___2__44ca.jpg]
[b2c.kiwi/api/v1/attachment/2019_01_04_12_10_06___13__3b60.jpg]
[b2c.kiwi/api/v1/attachment/2019_01_04_12_10_07___3___6d3b.jpg]
[b2c.kiwi/detail/714.html]
[b2c.kiwi/detail/702.html]
[b2c.kiwi/api/v1/attachment/2019_01_10_12_40_45_¦¦¥¦1©ÃÎË copy178b.jpg]
[b2c.kiwi/api/v1/attachment/2019_01_10_12_40_47_¦¦¥¦6¦¯¦þb278.jpg]
[b2c.kiwi/api/v1/attachment/2019_01_10_12_40_49_1701b front and back copya7ee.jpg]
[b2c.kiwi/api/v1/attachment/2019_01_10_12_40_52_1701b prod-details-temp copy77af.jpg]
[b2c.kiwi/detail/723.html]
[b2c.kiwi/api/v1/attachment/2019_01_10_12_33_44_¦¦¥¦3©ÃÎË copyeb57.jpg]
[b2c.kiwi/api/v1/attachment/2019_01_10_12_33_45_¦¦¥¦8¦¯¦þ©-bf07.jpg]
[b2c.kiwi/api/v1/attachment/2019_01_10_12_33_49_1701a  front and back copyb3d5.jpg]
[b2c.kiwi/api/v1/attachment/2019_01_10_12_33_51_1701a prod-details-temp copy8267.jpg]
[b2c.kiwi/detail/722.html]
[b2c.kiwi/api/v1/attachment/2019_01_09_17_10_42_¦¦¥¦5©ÃÎË copycf25.jpg]
[b2c.kiwi/api/v1/attachment/2019_01_09_17_10_50_1603 front and back copy5beb.jpg]
[b2c.kiwi/api/v1/attachment/2019_01_09_17_10_53_1603 prod-details-temp copy7afe.jpg]
[b2c.kiwi/detail/720.html]
[b2c.kiwi/api/v1/attachment/2019_01_09_17_06_46_¦¦¥¦7©ÃÎË copy 10.33.56 AM6027.jpg]
[b2c.kiwi/api/v1/attachment/2019_01_09_17_06_49_¦¦¥¦8¦¯¦þ©-fc94.jpg]
[b2c.kiwi/api/v1/attachment/2019_01_09_17_06_53_1602a 1602b front and back copy 10.33.56 AM2143.jpg]
[b2c.kiwi/api/v1/attachment/2019_01_09_17_06_57_1602a 1602b prod-details-temp copy 10.33.56 AM7975.jpg]
[b2c.kiwi/detail/719.html]
[b2c.kiwi/api/v1/attachment/2019_04_04_16_50_19_DSC_572824df.JPG]
[b2c.kiwi/api/v1/attachment/2019_04_04_16_50_30_DSC_57462363.JPG]
[b2c.kiwi/api/v1/attachment/2019_04_04_16_50_36_IMG_08741718.JPG]
[b2c.kiwi/detail/743.html]
[b2c.kiwi/detail/743}.html]
[b2c.kiwi/743.html]
[b2c.kiwi/api/v1/attachment/2019_01_14_13_16_20_51dd3.jpg]
[b2c.kiwi/api/v1/attachment/2019_01_14_13_16_41_350598.png]
[b2c.kiwi/detail/734.html]
[b2c.kiwi/api/v1/attachment/2019_01_14_13_01_16_30b336.jpg]
[b2c.kiwi/api/v1/attachment/2019_01_14_13_01_27_486b7.jpg]
[b2c.kiwi/api/v1/attachment/2019_01_14_13_01_31_80897.png]
[b2c.kiwi/detail/733.html]
[b2c.kiwi/detail/733}.html]
[b2c.kiwi/733.html]
[b2c.kiwi/api/v1/attachment/2019_01_14_11_55_55_11fe1.jpg]
[b2c.kiwi/api/v1/attachment/2019_01_16_16_07_56_28e73.jpg]
[b2c.kiwi/api/v1/attachment/2019_01_16_16_07_56_38e8c.jpg]
[b2c.kiwi/api/v1/attachment/2019_01_16_16_07_57_49059.jpg]
[b2c.kiwi/api/v1/attachment/2019_01_16_16_07_57_5e5cd.jpg]
[b2c.kiwi/api/v1/attachment/2019_01_16_16_07_57_1a6f9.jpg]
[b2c.kiwi/api/v1/attachment/2019_01_16_16_07_58_6d7ff.jpg]
[b2c.kiwi/api/v1/attachment/2019_01_16_16_07_58_7a0f3.jpg]
[b2c.kiwi/api/v1/attachment/2019_01_16_16_07_59_6f792.jpeg]
[b2c.kiwi/api/v1/attachment/2019_01_16_16_07_59_9bf9b.jpg]
[b2c.kiwi/api/v1/attachment/2019_01_16_16_08_00_84ef1.png]
[b2c.kiwi/detail/732.html]
[b2c.kiwi/api/v1/attachment/2019_01_10_14_15_13_¦¦¥¦3¦¯¦þ49d2.jpg]
[b2c.kiwi/api/v1/attachment/2019_01_10_14_15_20_¦¦¥¦5©ÃÎËa427.jpg]
[b2c.kiwi/api/v1/attachment/2019_01_10_14_15_25_713 front and backde7f.jpg]
[b2c.kiwi/api/v1/attachment/2019_01_10_14_15_28_713 prod-details-temp1d0f.jpg]
[b2c.kiwi/api/v1/attachment/2019_01_10_14_17_18_WeChat Image_20190110141658e538.png]
[b2c.kiwi/detail/730.html]
[b2c.kiwi/detail/730}.html]
[b2c.kiwi/730.html]
[b2c.kiwi/api/v1/attachment/2019_01_10_14_03_06_prod-details-temp copy 12.32.23 PMe46d.jpg]
[b2c.kiwi/api/v1/attachment/2019_01_10_14_03_09_prod-front copy 12.32.23 PMe678.jpg]
[b2c.kiwi/api/v1/attachment/2019_01_10_14_03_10_prod-main-temp257f.jpg]
[b2c.kiwi/detail/729.html]
[b2c.kiwi/api/v1/attachment/2019_01_10_13_58_07_prod-compose copy18cf.jpg]
[b2c.kiwi/api/v1/attachment/2019_01_10_13_58_08_prod-details-temp copy5185.jpg]
[b2c.kiwi/api/v1/attachment/2019_01_10_13_58_11_prod-front copy75df.jpg]
[b2c.kiwi/api/v1/attachment/2019_01_10_13_58_12_prod-size0734.jpg]
[b2c.kiwi/detail/728.html]
[b2c.kiwi/detail/728}.html]
[b2c.kiwi/728.html]
[b2c.kiwi/api/v1/attachment/2019_01_10_13_44_11_prod-detailsc0a9.jpg]
[b2c.kiwi/api/v1/attachment/2019_01_10_13_44_14_prod-fronta1ca.jpg]
[b2c.kiwi/api/v1/attachment/2019_01_10_13_49_39_WeChat Image_20190110134727c050.png]
[b2c.kiwi/api/v1/attachment/2019_01_10_13_49_41_WeChat Image_2019011013482538f5.png]
[b2c.kiwi/detail/725.html]
[b2c.kiwi/api/v1/attachment/2019_01_10_13_36_44_¦¦¥¦8©ÃÎË copyad5c.jpg]
[b2c.kiwi/api/v1/attachment/2019_01_10_13_36_45_¦¦¥¦9¦¯¦þ©-76f9.jpg]
[b2c.kiwi/api/v1/attachment/2019_01_10_13_36_48_1702a front and back copyd30c.jpg]
[b2c.kiwi/api/v1/attachment/2019_01_10_13_36_49_1702a prod-details-temp copya897.jpg]
[b2c.kiwi/detail/724.html]
[b2c.kiwi/detail/724}.html]
[b2c.kiwi/724.html]
[b2c.kiwi/api/v1/attachment/2019_01_09_17_00_52_¦¦¥¦2©ÃÎË copyd456.jpg]
[b2c.kiwi/api/v1/attachment/2019_01_09_17_01_00_1601 front and back copy3cf7.jpg]
[b2c.kiwi/api/v1/attachment/2019_01_09_17_01_03_1601 prod-details-temp copy0a4b.jpg]
[b2c.kiwi/detail/718.html]
[b2c.kiwi/api/v1/attachment/2019_01_09_16_46_17_¦¦¥¦1©ÃÎËc25c.jpg]
[b2c.kiwi/api/v1/attachment/2019_01_09_16_46_23_cc03 front and back6066.jpg]
[b2c.kiwi/api/v1/attachment/2019_01_09_16_46_27_cc03 prod-details-temp5874.jpg]
[b2c.kiwi/detail/717.html]
[b2c.kiwi/detail/717}.html]
[b2c.kiwi/717.html]
[b2c.kiwi/address.html]
[b2c.kiwi/privacy-policy.html]
[b2c.kiwi/term-condition.html]
[b2c.kiwi/bege/fonts/fontawesome-webfont3e6e.svg]
[b2c.kiwi/bege/fonts/ionicons28b5.svg]
[b2c.kiwi/bege/css/css-plugins/nice-select.css]
[b2c.kiwi/bege/css/css-plugins/owl.carousel.min.css]
[b2c.kiwi/bege/css/css-plugins/animate.min.css]
[b2c.kiwi/bege/css/css-plugins/meanmenu.min.css]
[b2c.kiwi/bege/css/css-plugins/jquery-ui.css]
[b2c.kiwi/bege/css/css-plugins/easyzoom.css]
[b2c.kiwi/bege/css/css-plugins/slick.css]
[b2c.kiwi/bege/css/css-plugins/ajax-loader.gif]
[b2c.kiwi/bege/css/css-plugins/fonts/slick.eot]
[b2c.kiwi/bege/css/css-plugins/fonts/slickd41d.eot]
[b2c.kiwi/bege/css/css-plugins/fonts/slick.woff]
[b2c.kiwi/bege/css/css-plugins/fonts/slick.ttf]
[b2c.kiwi/bege/css/css-plugins/slick-theme.css]
[b2c.kiwi/bege/css/css-plugins/magnific-popup.css]
[b2c.kiwi/bege/css/css-plugins/nivo-slider.css]
[b2c.kiwi/bege/images/bg/1.html]
[b2c.kiwi/bege/images/bg/2.html]
[b2c.kiwi/bege/images/bg/3.html]
[b2c.kiwi/bege/images/bg/4.html]
[b2c.kiwi/bege/images/bg/5.html]
[b2c.kiwi/bege/images/bg/6.html]
[b2c.kiwi/bege/images/bg/7.html]
[b2c.kiwi/bege/images/bg/8.html]
[b2c.kiwi/bege/images/bg/9.html]
[b2c.kiwi/bege/images/bg/10.html]
[b2c.kiwi/bege/images/pattern/pattern-bg.html]
[b2c.kiwi/detail/{{product.html]
[b2c.kiwi/register.html]
[b2c.kiwi/js/app/templates/messages.html]
[b2c.kiwi/detail/{{cartItem.productSingle.html]
[b2c.kiwi/order-detail/{{order.html]
[b2c.kiwi/hcode/images/arrow-pre-small.png]
[b2c.kiwi/hcode/images/arrow-next-small.png]
[b2c.kiwi/hcode/templates/dirPagination.tpl.html]
[b2c.kiwi/products494a.html]
[b2c.kiwi/detail/wishlist.html]
[b2c.kiwi/products943e.html]
[b2c.kiwi/products8368.html]
[b2c.kiwi/myAddAddress.html]
[b2c.kiwi/shop-single-product.html]
[b2c.kiwi/edit-address/{{address.html]
[b2c.kiwi/bege/css/css-plugins/owl.video.play.html]
[b2c.kiwi/bege/css/css-plugins/images/ui-bg_inset-hard_100_fcfdfd_1x100.html]
[b2c.kiwi/bege/css/css-plugins/images/ui-bg_gloss-wave_55_5c9ccc_500x100.html]
[b2c.kiwi/bege/css/css-plugins/images/ui-bg_glass_85_dfeffc_1x400.html]
[b2c.kiwi/bege/css/css-plugins/images/ui-bg_glass_75_d0e5f5_1x400.html]
[b2c.kiwi/bege/css/css-plugins/images/ui-bg_inset-hard_100_f5f8f9_1x100.html]
[b2c.kiwi/bege/css/css-plugins/images/ui-bg_glass_95_fef1ec_1x400.html]
[b2c.kiwi/bege/css/css-plugins/images/ui-icons_469bdd_256x240.html]
[b2c.kiwi/bege/css/css-plugins/images/ui-icons_d8e7f3_256x240.html]
[b2c.kiwi/bege/css/css-plugins/images/ui-icons_6da8d5_256x240.html]
[b2c.kiwi/bege/css/css-plugins/images/ui-icons_217bc0_256x240.html]
[b2c.kiwi/bege/css/css-plugins/images/ui-icons_f9bd01_256x240.html]
[b2c.kiwi/bege/css/css-plugins/images/ui-icons_2e83ff_256x240.html]
[b2c.kiwi/bege/css/css-plugins/images/ui-icons_cd0a0a_256x240.html]
[b2c.kiwi/bege/css/css-plugins/fonts/slick.svg]
[b2c.kiwi/api/v1/attachment/2019_01_09_16_43_39_¦¦¥¦10Í¸Ê¦- ©-d318.jpg]
[b2c.kiwi/api/v1/attachment/2019_01_04_11_20_49___8__ copy 10.33.56 AM72b6.jpg]
[b2c.kiwi/api/v1/attachment/2019_01_04_11_20_50_1602a 1602b front and back copy 10.33.56 AMdf9d.jpg]
[b2c.kiwi/api/v1/attachment/2019_01_04_11_20_50_1602a 1602b prod-details-temp copy 10.33.56 AM831f.jpg]
[b2c.kiwi/api/v1/attachment/2019_01_04_11_20_52___7__ copy 10.33.56 AM8a39.jpg]
[b2c.kiwi/api/v1/attachment/2019_01_04_11_20_52___2___ copy 10.33.56 AM22f3.jpg]
[b2c.kiwi/api/v1/attachment/2019_01_09_17_10_45_¦¦¥¦6Í¸Ê¦- ©-2dd1.jpg]
[b2c.kiwi/api/v1/attachment/2019_01_09_17_00_54_¦¦¥¦3Í¸Ê¦- 8e14.jpg]
[b2c.kiwi/api/v1/attachment/2019_01_09_16_46_20_¦¦¥¦3Í¸Ê¦- ©-73a2.jpg]
